<?xml version="1.0" encoding="UTF-8"?>
<TestRun id="aa633850-7243-4691-b3b8-b5a468ab31a8" name="UserOmega@MAIN 2016-12-31 13:15:05" runUser="Main\UserOmega" xmlns="http://microsoft.com/schemas/VisualStudio/TeamTest/2010">
  <TestSettings name="Local" id="678602f8-413f-411e-9403-ca8081061929">
    <Description>These are default test settings for a local test run.</Description>
    <Deployment enabled="false" runDeploymentRoot="UserOmega_MAIN 2016-12-31 13_15_05">
      <DeploymentItem filename="D:\Src\PresenceLearning\PlTableTests\packages\Protractor.0.9.1\lib\net40\Protractor.dll" />
      <DeploymentItem filename="D:\Src\PresenceLearning\PlTableTests\TablePages\bin\Debug\TablePages.dll" />
      <DeploymentItem filename="D:\Src\PresenceLearning\PlTableTests\packages\Selenium.WebDriver.3.0.1\lib\net40\WebDriver.dll" />
      <DeploymentItem filename="D:\Src\PresenceLearning\PlTableTests\packages\Selenium.Support.3.0.1\lib\net40\WebDriver.Support.dll" />
    </Deployment>
    <Execution>
      <Hosts skipUnhostableTests="false" />
      <TestTypeSpecific>
        <UnitTestRunConfig testTypeId="13cdc9d9-ddb5-4fa4-a97d-d965ccfc6d4b">
          <AssemblyResolution>
            <TestDirectory useLoadContext="true" />
          </AssemblyResolution>
        </UnitTestRunConfig>
      </TestTypeSpecific>
      <AgentRule name="Execution Agents">
      </AgentRule>
    </Execution>
  </TestSettings>
  <Times creation="2016-12-31T13:15:05.5990000-07:00" queuing="2016-12-31T13:15:06.2970000-07:00" start="2016-12-31T13:15:06.6500000-07:00" finish="2016-12-31T13:15:54.3270000-07:00" />
  <ResultSummary outcome="Failed">
    <Counters total="19" executed="19" passed="18" error="0" failed="1" timeout="0" aborted="0" inconclusive="0" passedButRunAborted="0" notRunnable="0" notExecuted="0" disconnected="0" warning="0" completed="0" inProgress="0" pending="0" />
  </ResultSummary>
  <TestDefinitions>
    <UnitTest name="ButtonsTabTest" storage="d:\src\presencelearning\pltabletests\tablesitetests\bin\debug\tablesitetests.dll" id="1afc6924-140a-6380-4ecb-cda57c269422">
      <TestCategory>
        <TestCategoryItem TestCategory="Regression" />
        <TestCategoryItem TestCategory="PlPatternLibrary" />
        <TestCategoryItem TestCategory="Selenium" />
        <TestCategoryItem TestCategory="TopTabs" />
        <TestCategoryItem TestCategory="Protractor" />
      </TestCategory>
      <Execution id="67361574-85d1-4e49-b198-eabaed72d9f0" />
      <TestMethod codeBase="D:/Src/PresenceLearning/PlTableTests/TableSiteTests/bin/Debug/TableSiteTests.DLL" adapterTypeName="Microsoft.VisualStudio.TestTools.TestTypes.Unit.UnitTestAdapter, Microsoft.VisualStudio.QualityTools.Tips.UnitTest.Adapter, Version=10.0.0.0, Culture=neutral, PublicKeyToken=b03f5f7f11d50a3a" className="TableSiteTests.MasterPageTests, TableSiteTests, Version=1.0.0.0, Culture=neutral, PublicKeyToken=null" name="ButtonsTabTest" />
    </UnitTest>
    <UnitTest name="InputsTabTest" storage="d:\src\presencelearning\pltabletests\tablesitetests\bin\debug\tablesitetests.dll" id="b82b83a5-bad4-2a1a-676d-ef684fda801e">
      <TestCategory>
        <TestCategoryItem TestCategory="Regression" />
        <TestCategoryItem TestCategory="PlPatternLibrary" />
        <TestCategoryItem TestCategory="Selenium" />
        <TestCategoryItem TestCategory="TopTabs" />
        <TestCategoryItem TestCategory="Protractor" />
      </TestCategory>
      <Execution id="89a551ce-0fe7-4d04-8133-1202065c476f" />
      <TestMethod codeBase="D:/Src/PresenceLearning/PlTableTests/TableSiteTests/bin/Debug/TableSiteTests.DLL" adapterTypeName="Microsoft.VisualStudio.TestTools.TestTypes.Unit.UnitTestAdapter, Microsoft.VisualStudio.QualityTools.Tips.UnitTest.Adapter, Version=10.0.0.0, Culture=neutral, PublicKeyToken=b03f5f7f11d50a3a" className="TableSiteTests.MasterPageTests, TableSiteTests, Version=1.0.0.0, Culture=neutral, PublicKeyToken=null" name="InputsTabTest" />
    </UnitTest>
    <UnitTest name="TypographyTabTest" storage="d:\src\presencelearning\pltabletests\tablesitetests\bin\debug\tablesitetests.dll" id="bb3757b2-9dce-f723-f03a-37b266fe9086">
      <TestCategory>
        <TestCategoryItem TestCategory="Regression" />
        <TestCategoryItem TestCategory="PlPatternLibrary" />
        <TestCategoryItem TestCategory="Selenium" />
        <TestCategoryItem TestCategory="TopTabs" />
        <TestCategoryItem TestCategory="Protractor" />
      </TestCategory>
      <Execution id="c8209930-aeb4-4b97-af97-ab3cc0e84269" />
      <TestMethod codeBase="D:/Src/PresenceLearning/PlTableTests/TableSiteTests/bin/Debug/TableSiteTests.DLL" adapterTypeName="Microsoft.VisualStudio.TestTools.TestTypes.Unit.UnitTestAdapter, Microsoft.VisualStudio.QualityTools.Tips.UnitTest.Adapter, Version=10.0.0.0, Culture=neutral, PublicKeyToken=b03f5f7f11d50a3a" className="TableSiteTests.MasterPageTests, TableSiteTests, Version=1.0.0.0, Culture=neutral, PublicKeyToken=null" name="TypographyTabTest" />
    </UnitTest>
    <UnitTest name="OverlaysTabTest" storage="d:\src\presencelearning\pltabletests\tablesitetests\bin\debug\tablesitetests.dll" id="88b40dd8-5c22-7a43-51a2-747b9ca3a6b4">
      <TestCategory>
        <TestCategoryItem TestCategory="Regression" />
        <TestCategoryItem TestCategory="PlPatternLibrary" />
        <TestCategoryItem TestCategory="Selenium" />
        <TestCategoryItem TestCategory="TopTabs" />
        <TestCategoryItem TestCategory="Protractor" />
      </TestCategory>
      <Execution id="25f14b41-82f0-4c3e-820b-5b5c8b284a20" />
      <TestMethod codeBase="D:/Src/PresenceLearning/PlTableTests/TableSiteTests/bin/Debug/TableSiteTests.DLL" adapterTypeName="Microsoft.VisualStudio.TestTools.TestTypes.Unit.UnitTestAdapter, Microsoft.VisualStudio.QualityTools.Tips.UnitTest.Adapter, Version=10.0.0.0, Culture=neutral, PublicKeyToken=b03f5f7f11d50a3a" className="TableSiteTests.MasterPageTests, TableSiteTests, Version=1.0.0.0, Culture=neutral, PublicKeyToken=null" name="OverlaysTabTest" />
    </UnitTest>
    <UnitTest name="FilterByFirstNameTest" storage="d:\src\presencelearning\pltabletests\tablesitetests\bin\debug\tablesitetests.dll" id="f3870922-9857-e0ed-2c2c-6e371b1c96f0">
      <TestCategory>
        <TestCategoryItem TestCategory="Regression" />
        <TestCategoryItem TestCategory="PlPatternLibrary" />
        <TestCategoryItem TestCategory="Selenium" />
        <TestCategoryItem TestCategory="DataTable" />
        <TestCategoryItem TestCategory="Protractor" />
      </TestCategory>
      <Execution id="196c1e3f-255c-43cb-bd6f-f4ec38a371c5" />
      <TestMethod codeBase="D:/Src/PresenceLearning/PlTableTests/TableSiteTests/bin/Debug/TableSiteTests.DLL" adapterTypeName="Microsoft.VisualStudio.TestTools.TestTypes.Unit.UnitTestAdapter, Microsoft.VisualStudio.QualityTools.Tips.UnitTest.Adapter, Version=10.0.0.0, Culture=neutral, PublicKeyToken=b03f5f7f11d50a3a" className="TableSiteTests.TableTests, TableSiteTests, Version=1.0.0.0, Culture=neutral, PublicKeyToken=null" name="FilterByFirstNameTest" />
    </UnitTest>
    <UnitTest name="GridTabTest" storage="d:\src\presencelearning\pltabletests\tablesitetests\bin\debug\tablesitetests.dll" id="e8a07304-cb52-9914-38cf-89c505784d6d">
      <TestCategory>
        <TestCategoryItem TestCategory="Regression" />
        <TestCategoryItem TestCategory="PlPatternLibrary" />
        <TestCategoryItem TestCategory="Selenium" />
        <TestCategoryItem TestCategory="TopTabs" />
        <TestCategoryItem TestCategory="Protractor" />
      </TestCategory>
      <Execution id="89113ee0-117e-4fe5-8776-f300d52b4450" />
      <TestMethod codeBase="D:/Src/PresenceLearning/PlTableTests/TableSiteTests/bin/Debug/TableSiteTests.DLL" adapterTypeName="Microsoft.VisualStudio.TestTools.TestTypes.Unit.UnitTestAdapter, Microsoft.VisualStudio.QualityTools.Tips.UnitTest.Adapter, Version=10.0.0.0, Culture=neutral, PublicKeyToken=b03f5f7f11d50a3a" className="TableSiteTests.MasterPageTests, TableSiteTests, Version=1.0.0.0, Culture=neutral, PublicKeyToken=null" name="GridTabTest" />
    </UnitTest>
    <UnitTest name="FilterByLastNameTest" storage="d:\src\presencelearning\pltabletests\tablesitetests\bin\debug\tablesitetests.dll" id="99998761-5df9-8d5b-7345-4e3e96a78ce9">
      <TestCategory>
        <TestCategoryItem TestCategory="Regression" />
        <TestCategoryItem TestCategory="PlPatternLibrary" />
        <TestCategoryItem TestCategory="Selenium" />
        <TestCategoryItem TestCategory="DataTable" />
        <TestCategoryItem TestCategory="Protractor" />
      </TestCategory>
      <Execution id="01682cfa-d61c-44cb-ab39-94239e23107e" />
      <TestMethod codeBase="D:/Src/PresenceLearning/PlTableTests/TableSiteTests/bin/Debug/TableSiteTests.DLL" adapterTypeName="Microsoft.VisualStudio.TestTools.TestTypes.Unit.UnitTestAdapter, Microsoft.VisualStudio.QualityTools.Tips.UnitTest.Adapter, Version=10.0.0.0, Culture=neutral, PublicKeyToken=b03f5f7f11d50a3a" className="TableSiteTests.TableTests, TableSiteTests, Version=1.0.0.0, Culture=neutral, PublicKeyToken=null" name="FilterByLastNameTest" />
    </UnitTest>
    <UnitTest name="NavsTabTest" storage="d:\src\presencelearning\pltabletests\tablesitetests\bin\debug\tablesitetests.dll" id="b924273c-6f6c-df09-074b-355ccc154565">
      <TestCategory>
        <TestCategoryItem TestCategory="Regression" />
        <TestCategoryItem TestCategory="PlPatternLibrary" />
        <TestCategoryItem TestCategory="Selenium" />
        <TestCategoryItem TestCategory="TopTabs" />
        <TestCategoryItem TestCategory="Protractor" />
      </TestCategory>
      <Execution id="0634e6be-9011-40f9-9ee7-b3ad3a7f9093" />
      <TestMethod codeBase="D:/Src/PresenceLearning/PlTableTests/TableSiteTests/bin/Debug/TableSiteTests.DLL" adapterTypeName="Microsoft.VisualStudio.TestTools.TestTypes.Unit.UnitTestAdapter, Microsoft.VisualStudio.QualityTools.Tips.UnitTest.Adapter, Version=10.0.0.0, Culture=neutral, PublicKeyToken=b03f5f7f11d50a3a" className="TableSiteTests.MasterPageTests, TableSiteTests, Version=1.0.0.0, Culture=neutral, PublicKeyToken=null" name="NavsTabTest" />
    </UnitTest>
    <UnitTest name="SortByStatusTest" storage="d:\src\presencelearning\pltabletests\tablesitetests\bin\debug\tablesitetests.dll" id="7102611a-e8c3-3bec-c71e-6073aa8a29f2">
      <TestCategory>
        <TestCategoryItem TestCategory="Regression" />
        <TestCategoryItem TestCategory="DataTable" />
        <TestCategoryItem TestCategory="Selenium" />
        <TestCategoryItem TestCategory="PlPatternLibrary" />
        <TestCategoryItem TestCategory="Protractor" />
      </TestCategory>
      <Execution id="572cd21c-9493-4d25-a6b0-441dd6a1cdf9" />
      <TestMethod codeBase="D:/Src/PresenceLearning/PlTableTests/TableSiteTests/bin/Debug/TableSiteTests.DLL" adapterTypeName="Microsoft.VisualStudio.TestTools.TestTypes.Unit.UnitTestAdapter, Microsoft.VisualStudio.QualityTools.Tips.UnitTest.Adapter, Version=10.0.0.0, Culture=neutral, PublicKeyToken=b03f5f7f11d50a3a" className="TableSiteTests.TableTests, TableSiteTests, Version=1.0.0.0, Culture=neutral, PublicKeyToken=null" name="SortByStatusTest" />
    </UnitTest>
    <UnitTest name="MiscTabTest" storage="d:\src\presencelearning\pltabletests\tablesitetests\bin\debug\tablesitetests.dll" id="f285a397-d8c6-4799-ca51-44b2bdbca964">
      <TestCategory>
        <TestCategoryItem TestCategory="Regression" />
        <TestCategoryItem TestCategory="PlPatternLibrary" />
        <TestCategoryItem TestCategory="Selenium" />
        <TestCategoryItem TestCategory="TopTabs" />
        <TestCategoryItem TestCategory="Protractor" />
      </TestCategory>
      <Execution id="a3437b87-fca2-4cea-928e-dedcc2b27066" />
      <TestMethod codeBase="D:/Src/PresenceLearning/PlTableTests/TableSiteTests/bin/Debug/TableSiteTests.DLL" adapterTypeName="Microsoft.VisualStudio.TestTools.TestTypes.Unit.UnitTestAdapter, Microsoft.VisualStudio.QualityTools.Tips.UnitTest.Adapter, Version=10.0.0.0, Culture=neutral, PublicKeyToken=b03f5f7f11d50a3a" className="TableSiteTests.MasterPageTests, TableSiteTests, Version=1.0.0.0, Culture=neutral, PublicKeyToken=null" name="MiscTabTest" />
    </UnitTest>
    <UnitTest name="PageLdTest" storage="d:\src\presencelearning\pltabletests\tablesitetests\bin\debug\tablesitetests.dll" id="8c45ffc0-b1f8-bce5-ce61-81320afdb47a">
      <TestCategory>
        <TestCategoryItem TestCategory="Regression" />
        <TestCategoryItem TestCategory="PlPatternLibrary" />
        <TestCategoryItem TestCategory="Selenium" />
        <TestCategoryItem TestCategory="Protractor" />
      </TestCategory>
      <Execution id="721a0a85-f8ed-4e1c-bde2-b32e3934da8c" />
      <TestMethod codeBase="D:/Src/PresenceLearning/PlTableTests/TableSiteTests/bin/Debug/TableSiteTests.DLL" adapterTypeName="Microsoft.VisualStudio.TestTools.TestTypes.Unit.UnitTestAdapter, Microsoft.VisualStudio.QualityTools.Tips.UnitTest.Adapter, Version=10.0.0.0, Culture=neutral, PublicKeyToken=b03f5f7f11d50a3a" className="TableSiteTests.MasterPageTests, TableSiteTests, Version=1.0.0.0, Culture=neutral, PublicKeyToken=null" name="PageLdTest" />
    </UnitTest>
    <UnitTest name="SortByFistNameTest" storage="d:\src\presencelearning\pltabletests\tablesitetests\bin\debug\tablesitetests.dll" id="a6ba8621-706b-d115-c38f-fe841344e4cc">
      <TestCategory>
        <TestCategoryItem TestCategory="Regression" />
        <TestCategoryItem TestCategory="DataTable" />
        <TestCategoryItem TestCategory="Selenium" />
        <TestCategoryItem TestCategory="PlPatternLibrary" />
        <TestCategoryItem TestCategory="Protractor" />
      </TestCategory>
      <Execution id="b6fc35e5-59bf-4c36-b976-f741b3a33f93" />
      <TestMethod codeBase="D:/Src/PresenceLearning/PlTableTests/TableSiteTests/bin/Debug/TableSiteTests.DLL" adapterTypeName="Microsoft.VisualStudio.TestTools.TestTypes.Unit.UnitTestAdapter, Microsoft.VisualStudio.QualityTools.Tips.UnitTest.Adapter, Version=10.0.0.0, Culture=neutral, PublicKeyToken=b03f5f7f11d50a3a" className="TableSiteTests.TableTests, TableSiteTests, Version=1.0.0.0, Culture=neutral, PublicKeyToken=null" name="SortByFistNameTest" />
    </UnitTest>
    <UnitTest name="ColorsTabTest" storage="d:\src\presencelearning\pltabletests\tablesitetests\bin\debug\tablesitetests.dll" id="f0aabe81-0077-83cb-4384-c630db1f1cfe">
      <TestCategory>
        <TestCategoryItem TestCategory="Regression" />
        <TestCategoryItem TestCategory="PlPatternLibrary" />
        <TestCategoryItem TestCategory="Selenium" />
        <TestCategoryItem TestCategory="TopTabs" />
        <TestCategoryItem TestCategory="Protractor" />
      </TestCategory>
      <Execution id="789eacfb-5eb2-43b7-b0d2-c5aa32c2a085" />
      <TestMethod codeBase="D:/Src/PresenceLearning/PlTableTests/TableSiteTests/bin/Debug/TableSiteTests.DLL" adapterTypeName="Microsoft.VisualStudio.TestTools.TestTypes.Unit.UnitTestAdapter, Microsoft.VisualStudio.QualityTools.Tips.UnitTest.Adapter, Version=10.0.0.0, Culture=neutral, PublicKeyToken=b03f5f7f11d50a3a" className="TableSiteTests.MasterPageTests, TableSiteTests, Version=1.0.0.0, Culture=neutral, PublicKeyToken=null" name="ColorsTabTest" />
    </UnitTest>
    <UnitTest name="SortByLastNameTest" storage="d:\src\presencelearning\pltabletests\tablesitetests\bin\debug\tablesitetests.dll" id="4099c06d-28d6-f6a9-a34c-0c8ce48f8dca">
      <TestCategory>
        <TestCategoryItem TestCategory="Regression" />
        <TestCategoryItem TestCategory="PlPatternLibrary" />
        <TestCategoryItem TestCategory="Selenium" />
        <TestCategoryItem TestCategory="DataTable" />
        <TestCategoryItem TestCategory="Protractor" />
      </TestCategory>
      <Execution id="87c2a452-41f6-4626-9098-03561a3fae42" />
      <TestMethod codeBase="D:/Src/PresenceLearning/PlTableTests/TableSiteTests/bin/Debug/TableSiteTests.DLL" adapterTypeName="Microsoft.VisualStudio.TestTools.TestTypes.Unit.UnitTestAdapter, Microsoft.VisualStudio.QualityTools.Tips.UnitTest.Adapter, Version=10.0.0.0, Culture=neutral, PublicKeyToken=b03f5f7f11d50a3a" className="TableSiteTests.TableTests, TableSiteTests, Version=1.0.0.0, Culture=neutral, PublicKeyToken=null" name="SortByLastNameTest" />
    </UnitTest>
    <UnitTest name="Select25ItemsPerPageTest" storage="d:\src\presencelearning\pltabletests\tablesitetests\bin\debug\tablesitetests.dll" id="64842e05-d455-7ebc-88f7-c6b4515b386c">
      <TestCategory>
        <TestCategoryItem TestCategory="Regression" />
        <TestCategoryItem TestCategory="DataTable" />
        <TestCategoryItem TestCategory="Selenium" />
        <TestCategoryItem TestCategory="PlPatternLibrary" />
        <TestCategoryItem TestCategory="Protractor" />
      </TestCategory>
      <Execution id="7564598c-abba-41b3-9535-33b852a20ba3" />
      <TestMethod codeBase="D:/Src/PresenceLearning/PlTableTests/TableSiteTests/bin/Debug/TableSiteTests.DLL" adapterTypeName="Microsoft.VisualStudio.TestTools.TestTypes.Unit.UnitTestAdapter, Microsoft.VisualStudio.QualityTools.Tips.UnitTest.Adapter, Version=10.0.0.0, Culture=neutral, PublicKeyToken=b03f5f7f11d50a3a" className="TableSiteTests.TableTests, TableSiteTests, Version=1.0.0.0, Culture=neutral, PublicKeyToken=null" name="Select25ItemsPerPageTest" />
    </UnitTest>
    <UnitTest name="PrinciplesTabTest" storage="d:\src\presencelearning\pltabletests\tablesitetests\bin\debug\tablesitetests.dll" id="518142b8-5475-61e4-c015-d8da574f8900">
      <TestCategory>
        <TestCategoryItem TestCategory="Regression" />
        <TestCategoryItem TestCategory="PlPatternLibrary" />
        <TestCategoryItem TestCategory="Selenium" />
        <TestCategoryItem TestCategory="TopTabs" />
        <TestCategoryItem TestCategory="Protractor" />
      </TestCategory>
      <Execution id="ba0345b2-e05a-4a16-8ca0-7cf01a344c2b" />
      <TestMethod codeBase="D:/Src/PresenceLearning/PlTableTests/TableSiteTests/bin/Debug/TableSiteTests.DLL" adapterTypeName="Microsoft.VisualStudio.TestTools.TestTypes.Unit.UnitTestAdapter, Microsoft.VisualStudio.QualityTools.Tips.UnitTest.Adapter, Version=10.0.0.0, Culture=neutral, PublicKeyToken=b03f5f7f11d50a3a" className="TableSiteTests.MasterPageTests, TableSiteTests, Version=1.0.0.0, Culture=neutral, PublicKeyToken=null" name="PrinciplesTabTest" />
    </UnitTest>
    <UnitTest name="ToggleFiltersTest" storage="d:\src\presencelearning\pltabletests\tablesitetests\bin\debug\tablesitetests.dll" id="3c6ff170-1ac3-cc40-63f9-582feca8c919">
      <TestCategory>
        <TestCategoryItem TestCategory="Regression" />
        <TestCategoryItem TestCategory="DataTable" />
        <TestCategoryItem TestCategory="Selenium" />
        <TestCategoryItem TestCategory="PlPatternLibrary" />
        <TestCategoryItem TestCategory="Protractor" />
      </TestCategory>
      <Execution id="f382e694-b599-480d-a7c5-a9d8c186ce9a" />
      <TestMethod codeBase="D:/Src/PresenceLearning/PlTableTests/TableSiteTests/bin/Debug/TableSiteTests.DLL" adapterTypeName="Microsoft.VisualStudio.TestTools.TestTypes.Unit.UnitTestAdapter, Microsoft.VisualStudio.QualityTools.Tips.UnitTest.Adapter, Version=10.0.0.0, Culture=neutral, PublicKeyToken=b03f5f7f11d50a3a" className="TableSiteTests.TableTests, TableSiteTests, Version=1.0.0.0, Culture=neutral, PublicKeyToken=null" name="ToggleFiltersTest" />
    </UnitTest>
    <UnitTest name="TablesTabTest" storage="d:\src\presencelearning\pltabletests\tablesitetests\bin\debug\tablesitetests.dll" id="07ee0982-429d-29fb-b695-ca4c1862e98d">
      <TestCategory>
        <TestCategoryItem TestCategory="Regression" />
        <TestCategoryItem TestCategory="PlPatternLibrary" />
        <TestCategoryItem TestCategory="Selenium" />
        <TestCategoryItem TestCategory="TopTabs" />
        <TestCategoryItem TestCategory="Protractor" />
      </TestCategory>
      <Execution id="e36e5ec3-772d-4a48-a1ef-afcdb9470af0" />
      <TestMethod codeBase="D:/Src/PresenceLearning/PlTableTests/TableSiteTests/bin/Debug/TableSiteTests.DLL" adapterTypeName="Microsoft.VisualStudio.TestTools.TestTypes.Unit.UnitTestAdapter, Microsoft.VisualStudio.QualityTools.Tips.UnitTest.Adapter, Version=10.0.0.0, Culture=neutral, PublicKeyToken=b03f5f7f11d50a3a" className="TableSiteTests.MasterPageTests, TableSiteTests, Version=1.0.0.0, Culture=neutral, PublicKeyToken=null" name="TablesTabTest" />
    </UnitTest>
    <UnitTest name="SortByBirthdateTest" storage="d:\src\presencelearning\pltabletests\tablesitetests\bin\debug\tablesitetests.dll" id="df184c67-4d34-f907-4afd-44b9429155b4">
      <TestCategory>
        <TestCategoryItem TestCategory="Regression" />
        <TestCategoryItem TestCategory="PlPatternLibrary" />
        <TestCategoryItem TestCategory="Selenium" />
        <TestCategoryItem TestCategory="DataTable" />
        <TestCategoryItem TestCategory="Protractor" />
      </TestCategory>
      <Execution id="c68fe4e4-a410-4985-8af5-5e168e086c59" />
      <TestMethod codeBase="D:/Src/PresenceLearning/PlTableTests/TableSiteTests/bin/Debug/TableSiteTests.DLL" adapterTypeName="Microsoft.VisualStudio.TestTools.TestTypes.Unit.UnitTestAdapter, Microsoft.VisualStudio.QualityTools.Tips.UnitTest.Adapter, Version=10.0.0.0, Culture=neutral, PublicKeyToken=b03f5f7f11d50a3a" className="TableSiteTests.TableTests, TableSiteTests, Version=1.0.0.0, Culture=neutral, PublicKeyToken=null" name="SortByBirthdateTest" />
    </UnitTest>
  </TestDefinitions>
  <TestLists>
    <TestList name="Results Not in a List" id="8c84fa94-04c1-424b-9868-57a2d4851a1d" />
    <TestList name="All Loaded Results" id="19431567-8539-422a-85d7-44ee4e166bda" />
  </TestLists>
  <TestEntries>
    <TestEntry testId="8c45ffc0-b1f8-bce5-ce61-81320afdb47a" executionId="721a0a85-f8ed-4e1c-bde2-b32e3934da8c" testListId="8c84fa94-04c1-424b-9868-57a2d4851a1d" />
    <TestEntry testId="518142b8-5475-61e4-c015-d8da574f8900" executionId="ba0345b2-e05a-4a16-8ca0-7cf01a344c2b" testListId="8c84fa94-04c1-424b-9868-57a2d4851a1d" />
    <TestEntry testId="1afc6924-140a-6380-4ecb-cda57c269422" executionId="67361574-85d1-4e49-b198-eabaed72d9f0" testListId="8c84fa94-04c1-424b-9868-57a2d4851a1d" />
    <TestEntry testId="f0aabe81-0077-83cb-4384-c630db1f1cfe" executionId="789eacfb-5eb2-43b7-b0d2-c5aa32c2a085" testListId="8c84fa94-04c1-424b-9868-57a2d4851a1d" />
    <TestEntry testId="e8a07304-cb52-9914-38cf-89c505784d6d" executionId="89113ee0-117e-4fe5-8776-f300d52b4450" testListId="8c84fa94-04c1-424b-9868-57a2d4851a1d" />
    <TestEntry testId="b82b83a5-bad4-2a1a-676d-ef684fda801e" executionId="89a551ce-0fe7-4d04-8133-1202065c476f" testListId="8c84fa94-04c1-424b-9868-57a2d4851a1d" />
    <TestEntry testId="f285a397-d8c6-4799-ca51-44b2bdbca964" executionId="a3437b87-fca2-4cea-928e-dedcc2b27066" testListId="8c84fa94-04c1-424b-9868-57a2d4851a1d" />
    <TestEntry testId="b924273c-6f6c-df09-074b-355ccc154565" executionId="0634e6be-9011-40f9-9ee7-b3ad3a7f9093" testListId="8c84fa94-04c1-424b-9868-57a2d4851a1d" />
    <TestEntry testId="88b40dd8-5c22-7a43-51a2-747b9ca3a6b4" executionId="25f14b41-82f0-4c3e-820b-5b5c8b284a20" testListId="8c84fa94-04c1-424b-9868-57a2d4851a1d" />
    <TestEntry testId="07ee0982-429d-29fb-b695-ca4c1862e98d" executionId="e36e5ec3-772d-4a48-a1ef-afcdb9470af0" testListId="8c84fa94-04c1-424b-9868-57a2d4851a1d" />
    <TestEntry testId="bb3757b2-9dce-f723-f03a-37b266fe9086" executionId="c8209930-aeb4-4b97-af97-ab3cc0e84269" testListId="8c84fa94-04c1-424b-9868-57a2d4851a1d" />
    <TestEntry testId="3c6ff170-1ac3-cc40-63f9-582feca8c919" executionId="f382e694-b599-480d-a7c5-a9d8c186ce9a" testListId="8c84fa94-04c1-424b-9868-57a2d4851a1d" />
    <TestEntry testId="a6ba8621-706b-d115-c38f-fe841344e4cc" executionId="b6fc35e5-59bf-4c36-b976-f741b3a33f93" testListId="8c84fa94-04c1-424b-9868-57a2d4851a1d" />
    <TestEntry testId="4099c06d-28d6-f6a9-a34c-0c8ce48f8dca" executionId="87c2a452-41f6-4626-9098-03561a3fae42" testListId="8c84fa94-04c1-424b-9868-57a2d4851a1d" />
    <TestEntry testId="df184c67-4d34-f907-4afd-44b9429155b4" executionId="c68fe4e4-a410-4985-8af5-5e168e086c59" testListId="8c84fa94-04c1-424b-9868-57a2d4851a1d" />
    <TestEntry testId="7102611a-e8c3-3bec-c71e-6073aa8a29f2" executionId="572cd21c-9493-4d25-a6b0-441dd6a1cdf9" testListId="8c84fa94-04c1-424b-9868-57a2d4851a1d" />
    <TestEntry testId="f3870922-9857-e0ed-2c2c-6e371b1c96f0" executionId="196c1e3f-255c-43cb-bd6f-f4ec38a371c5" testListId="8c84fa94-04c1-424b-9868-57a2d4851a1d" />
    <TestEntry testId="99998761-5df9-8d5b-7345-4e3e96a78ce9" executionId="01682cfa-d61c-44cb-ab39-94239e23107e" testListId="8c84fa94-04c1-424b-9868-57a2d4851a1d" />
    <TestEntry testId="64842e05-d455-7ebc-88f7-c6b4515b386c" executionId="7564598c-abba-41b3-9535-33b852a20ba3" testListId="8c84fa94-04c1-424b-9868-57a2d4851a1d" />
  </TestEntries>
  <Results>
    <UnitTestResult executionId="721a0a85-f8ed-4e1c-bde2-b32e3934da8c" testId="8c45ffc0-b1f8-bce5-ce61-81320afdb47a" testName="PageLdTest" computerName="MAIN" duration="00:00:00.7373164" startTime="2016-12-31T13:15:06.7610000-07:00" endTime="2016-12-31T13:15:21.3730000-07:00" testType="13cdc9d9-ddb5-4fa4-a97d-d965ccfc6d4b" outcome="Passed" testListId="8c84fa94-04c1-424b-9868-57a2d4851a1d" relativeResultsDirectory="721a0a85-f8ed-4e1c-bde2-b32e3934da8c">
    </UnitTestResult>
    <UnitTestResult executionId="ba0345b2-e05a-4a16-8ca0-7cf01a344c2b" testId="518142b8-5475-61e4-c015-d8da574f8900" testName="PrinciplesTabTest" computerName="MAIN" duration="00:00:00.0661824" startTime="2016-12-31T13:15:21.3740000-07:00" endTime="2016-12-31T13:15:21.4430000-07:00" testType="13cdc9d9-ddb5-4fa4-a97d-d965ccfc6d4b" outcome="Passed" testListId="8c84fa94-04c1-424b-9868-57a2d4851a1d" relativeResultsDirectory="ba0345b2-e05a-4a16-8ca0-7cf01a344c2b">
    </UnitTestResult>
    <UnitTestResult executionId="67361574-85d1-4e49-b198-eabaed72d9f0" testId="1afc6924-140a-6380-4ecb-cda57c269422" testName="ButtonsTabTest" computerName="MAIN" duration="00:00:00.0336388" startTime="2016-12-31T13:15:21.4440000-07:00" endTime="2016-12-31T13:15:21.4790000-07:00" testType="13cdc9d9-ddb5-4fa4-a97d-d965ccfc6d4b" outcome="Passed" testListId="8c84fa94-04c1-424b-9868-57a2d4851a1d" relativeResultsDirectory="67361574-85d1-4e49-b198-eabaed72d9f0">
    </UnitTestResult>
    <UnitTestResult executionId="789eacfb-5eb2-43b7-b0d2-c5aa32c2a085" testId="f0aabe81-0077-83cb-4384-c630db1f1cfe" testName="ColorsTabTest" computerName="MAIN" duration="00:00:01.3424589" startTime="2016-12-31T13:15:21.4800000-07:00" endTime="2016-12-31T13:15:22.8250000-07:00" testType="13cdc9d9-ddb5-4fa4-a97d-d965ccfc6d4b" outcome="Passed" testListId="8c84fa94-04c1-424b-9868-57a2d4851a1d" relativeResultsDirectory="789eacfb-5eb2-43b7-b0d2-c5aa32c2a085">
    </UnitTestResult>
    <UnitTestResult executionId="89113ee0-117e-4fe5-8776-f300d52b4450" testId="e8a07304-cb52-9914-38cf-89c505784d6d" testName="GridTabTest" computerName="MAIN" duration="00:00:00.4858145" startTime="2016-12-31T13:15:22.8250000-07:00" endTime="2016-12-31T13:15:23.3140000-07:00" testType="13cdc9d9-ddb5-4fa4-a97d-d965ccfc6d4b" outcome="Passed" testListId="8c84fa94-04c1-424b-9868-57a2d4851a1d" relativeResultsDirectory="89113ee0-117e-4fe5-8776-f300d52b4450">
    </UnitTestResult>
    <UnitTestResult executionId="89a551ce-0fe7-4d04-8133-1202065c476f" testId="b82b83a5-bad4-2a1a-676d-ef684fda801e" testName="InputsTabTest" computerName="MAIN" duration="00:00:00.3865017" startTime="2016-12-31T13:15:23.3150000-07:00" endTime="2016-12-31T13:15:23.7040000-07:00" testType="13cdc9d9-ddb5-4fa4-a97d-d965ccfc6d4b" outcome="Passed" testListId="8c84fa94-04c1-424b-9868-57a2d4851a1d" relativeResultsDirectory="89a551ce-0fe7-4d04-8133-1202065c476f">
    </UnitTestResult>
    <UnitTestResult executionId="a3437b87-fca2-4cea-928e-dedcc2b27066" testId="f285a397-d8c6-4799-ca51-44b2bdbca964" testName="MiscTabTest" computerName="MAIN" duration="00:00:01.3518428" startTime="2016-12-31T13:15:23.7050000-07:00" endTime="2016-12-31T13:15:25.0610000-07:00" testType="13cdc9d9-ddb5-4fa4-a97d-d965ccfc6d4b" outcome="Passed" testListId="8c84fa94-04c1-424b-9868-57a2d4851a1d" relativeResultsDirectory="a3437b87-fca2-4cea-928e-dedcc2b27066">
    </UnitTestResult>
    <UnitTestResult executionId="0634e6be-9011-40f9-9ee7-b3ad3a7f9093" testId="b924273c-6f6c-df09-074b-355ccc154565" testName="NavsTabTest" computerName="MAIN" duration="00:00:05.0925076" startTime="2016-12-31T13:15:25.0610000-07:00" endTime="2016-12-31T13:15:30.1560000-07:00" testType="13cdc9d9-ddb5-4fa4-a97d-d965ccfc6d4b" outcome="Passed" testListId="8c84fa94-04c1-424b-9868-57a2d4851a1d" relativeResultsDirectory="0634e6be-9011-40f9-9ee7-b3ad3a7f9093">
    </UnitTestResult>
    <UnitTestResult executionId="25f14b41-82f0-4c3e-820b-5b5c8b284a20" testId="88b40dd8-5c22-7a43-51a2-747b9ca3a6b4" testName="OverlaysTabTest" computerName="MAIN" duration="00:00:00.4068074" startTime="2016-12-31T13:15:30.1570000-07:00" endTime="2016-12-31T13:15:30.5660000-07:00" testType="13cdc9d9-ddb5-4fa4-a97d-d965ccfc6d4b" outcome="Passed" testListId="8c84fa94-04c1-424b-9868-57a2d4851a1d" relativeResultsDirectory="25f14b41-82f0-4c3e-820b-5b5c8b284a20">
    </UnitTestResult>
    <UnitTestResult executionId="e36e5ec3-772d-4a48-a1ef-afcdb9470af0" testId="07ee0982-429d-29fb-b695-ca4c1862e98d" testName="TablesTabTest" computerName="MAIN" duration="00:00:00.4171092" startTime="2016-12-31T13:15:30.5660000-07:00" endTime="2016-12-31T13:15:30.9860000-07:00" testType="13cdc9d9-ddb5-4fa4-a97d-d965ccfc6d4b" outcome="Passed" testListId="8c84fa94-04c1-424b-9868-57a2d4851a1d" relativeResultsDirectory="e36e5ec3-772d-4a48-a1ef-afcdb9470af0">
    </UnitTestResult>
    <UnitTestResult executionId="c8209930-aeb4-4b97-af97-ab3cc0e84269" testId="bb3757b2-9dce-f723-f03a-37b266fe9086" testName="TypographyTabTest" computerName="MAIN" duration="00:00:01.4273524" startTime="2016-12-31T13:15:30.9860000-07:00" endTime="2016-12-31T13:15:32.4170000-07:00" testType="13cdc9d9-ddb5-4fa4-a97d-d965ccfc6d4b" outcome="Passed" testListId="8c84fa94-04c1-424b-9868-57a2d4851a1d" relativeResultsDirectory="c8209930-aeb4-4b97-af97-ab3cc0e84269">
    </UnitTestResult>
    <UnitTestResult executionId="f382e694-b599-480d-a7c5-a9d8c186ce9a" testId="3c6ff170-1ac3-cc40-63f9-582feca8c919" testName="ToggleFiltersTest" computerName="MAIN" duration="00:00:00.8369614" startTime="2016-12-31T13:15:32.4180000-07:00" endTime="2016-12-31T13:15:34.7100000-07:00" testType="13cdc9d9-ddb5-4fa4-a97d-d965ccfc6d4b" outcome="Passed" testListId="8c84fa94-04c1-424b-9868-57a2d4851a1d" relativeResultsDirectory="f382e694-b599-480d-a7c5-a9d8c186ce9a">
      <Output>
        <TextMessages>
          <Message>
↘ ☑ ⏩ ToggleFiltersTest() ⏪ ☒ ↙
</Message>
          <Message>📄 Table Page</Message>
        </TextMessages>
      </Output>
    </UnitTestResult>
    <UnitTestResult executionId="b6fc35e5-59bf-4c36-b976-f741b3a33f93" testId="a6ba8621-706b-d115-c38f-fe841344e4cc" testName="SortByFistNameTest" computerName="MAIN" duration="00:00:06.6994010" startTime="2016-12-31T13:15:34.7110000-07:00" endTime="2016-12-31T13:15:41.4130000-07:00" testType="13cdc9d9-ddb5-4fa4-a97d-d965ccfc6d4b" outcome="Failed" testListId="8c84fa94-04c1-424b-9868-57a2d4851a1d" relativeResultsDirectory="b6fc35e5-59bf-4c36-b976-f741b3a33f93">
      <Output>
        <ErrorInfo>
          <Message>Assert.Fail failed. First Names were not sorted as expected. </Message>
          <StackTrace>   at TableSiteTests.TableTests.SortByFistNameTest() in D:\Src\PresenceLearning\PlTableTests\TableSiteTests\TableTests.cs:line 107
</StackTrace>
        </ErrorInfo>
        <TextMessages>
          <Message>
↘ ☑ ⏩ SortByFistNameTest() ⏪ ☒ ↙
</Message>
          <Message>📄 Table Page</Message>
          <Message> ∘ Clicking First Name table column header. </Message>
          <Message> ∘ Clicking First Name table column header again to set as descending. </Message>
        </TextMessages>
      </Output>
    </UnitTestResult>
    <UnitTestResult executionId="87c2a452-41f6-4626-9098-03561a3fae42" testId="4099c06d-28d6-f6a9-a34c-0c8ce48f8dca" testName="SortByLastNameTest" computerName="MAIN" duration="00:00:00.0702921" startTime="2016-12-31T13:15:41.4140000-07:00" endTime="2016-12-31T13:15:41.4860000-07:00" testType="13cdc9d9-ddb5-4fa4-a97d-d965ccfc6d4b" outcome="Passed" testListId="8c84fa94-04c1-424b-9868-57a2d4851a1d" relativeResultsDirectory="87c2a452-41f6-4626-9098-03561a3fae42">
      <Output>
        <TextMessages>
          <Message>
↘ ☑ ⏩ SortByLastNameTest() ⏪ ☒ ↙
</Message>
          <Message>📄 Table Page</Message>
          <Message> ∘ Clicking Last Name Column Header</Message>
        </TextMessages>
      </Output>
    </UnitTestResult>
    <UnitTestResult executionId="c68fe4e4-a410-4985-8af5-5e168e086c59" testId="df184c67-4d34-f907-4afd-44b9429155b4" testName="SortByBirthdateTest" computerName="MAIN" duration="00:00:00.1220869" startTime="2016-12-31T13:15:41.4870000-07:00" endTime="2016-12-31T13:15:41.6110000-07:00" testType="13cdc9d9-ddb5-4fa4-a97d-d965ccfc6d4b" outcome="Passed" testListId="8c84fa94-04c1-424b-9868-57a2d4851a1d" relativeResultsDirectory="c68fe4e4-a410-4985-8af5-5e168e086c59">
      <Output>
        <TextMessages>
          <Message>
↘ ☑ ⏩ SortByBirthdateTest() ⏪ ☒ ↙
</Message>
          <Message>📄 Table Page</Message>
        </TextMessages>
      </Output>
    </UnitTestResult>
    <UnitTestResult executionId="572cd21c-9493-4d25-a6b0-441dd6a1cdf9" testId="7102611a-e8c3-3bec-c71e-6073aa8a29f2" testName="SortByStatusTest" computerName="MAIN" duration="00:00:00.1071746" startTime="2016-12-31T13:15:41.6140000-07:00" endTime="2016-12-31T13:15:41.7250000-07:00" testType="13cdc9d9-ddb5-4fa4-a97d-d965ccfc6d4b" outcome="Passed" testListId="8c84fa94-04c1-424b-9868-57a2d4851a1d" relativeResultsDirectory="572cd21c-9493-4d25-a6b0-441dd6a1cdf9">
      <Output>
        <TextMessages>
          <Message>
↘ ☑ ⏩ SortByStatusTest() ⏪ ☒ ↙
</Message>
          <Message>📄 Table Page</Message>
        </TextMessages>
      </Output>
    </UnitTestResult>
    <UnitTestResult executionId="196c1e3f-255c-43cb-bd6f-f4ec38a371c5" testId="f3870922-9857-e0ed-2c2c-6e371b1c96f0" testName="FilterByFirstNameTest" computerName="MAIN" duration="00:00:02.0348912" startTime="2016-12-31T13:15:41.7270000-07:00" endTime="2016-12-31T13:15:43.7640000-07:00" testType="13cdc9d9-ddb5-4fa4-a97d-d965ccfc6d4b" outcome="Passed" testListId="8c84fa94-04c1-424b-9868-57a2d4851a1d" relativeResultsDirectory="196c1e3f-255c-43cb-bd6f-f4ec38a371c5">
      <Output>
        <TextMessages>
          <Message>
↘ ☑ ⏩ FilterByFirstNameTest() ⏪ ☒ ↙
</Message>
          <Message>📄 Table Page</Message>
          <Message> ∘ Selecting “First Name” </Message>
          <Message> ∘ Typing Filter: “ar” </Message>
          <Message> ∘ Row 1 First Name “Karen” contains “ar” = True</Message>
          <Message> ∘ Row 2 First Name “Aaron” contains “ar” = True</Message>
          <Message> ∘ Row 3 First Name “Aaron” contains “ar” = True</Message>
          <Message> ∘ Row 4 First Name “Aaron” contains “ar” = True</Message>
          <Message> ∘ Row 5 First Name “Aaron” contains “ar” = True</Message>
        </TextMessages>
      </Output>
    </UnitTestResult>
    <UnitTestResult executionId="01682cfa-d61c-44cb-ab39-94239e23107e" testId="99998761-5df9-8d5b-7345-4e3e96a78ce9" testName="FilterByLastNameTest" computerName="MAIN" duration="00:00:02.6626665" startTime="2016-12-31T13:15:43.7650000-07:00" endTime="2016-12-31T13:15:46.4300000-07:00" testType="13cdc9d9-ddb5-4fa4-a97d-d965ccfc6d4b" outcome="Passed" testListId="8c84fa94-04c1-424b-9868-57a2d4851a1d" relativeResultsDirectory="01682cfa-d61c-44cb-ab39-94239e23107e">
      <Output>
        <TextMessages>
          <Message>
↘ ☑ ⏩ FilterByLastNameTest() ⏪ ☒ ↙
</Message>
          <Message>📄 Table Page</Message>
          <Message> ∘ Selecting “Last Name”</Message>
          <Message> ∘ Typing Filter: “ee” </Message>
          <Message> ∘ Row 1 Last Name “Wheeler” contains “ee” = True</Message>
          <Message> ∘ Row 2 Last Name “Fleenor” contains “ee” = True</Message>
          <Message> ∘ Row 3 Last Name “Reetz” contains “ee” = True</Message>
        </TextMessages>
      </Output>
    </UnitTestResult>
    <UnitTestResult executionId="7564598c-abba-41b3-9535-33b852a20ba3" testId="64842e05-d455-7ebc-88f7-c6b4515b386c" testName="Select25ItemsPerPageTest" computerName="MAIN" duration="00:00:03.3194038" startTime="2016-12-31T13:15:46.4300000-07:00" endTime="2016-12-31T13:15:49.7520000-07:00" testType="13cdc9d9-ddb5-4fa4-a97d-d965ccfc6d4b" outcome="Passed" testListId="8c84fa94-04c1-424b-9868-57a2d4851a1d" relativeResultsDirectory="7564598c-abba-41b3-9535-33b852a20ba3">
      <Output>
        <TextMessages>
          <Message>
↘ ☑ ⏩ Select25ItemsPerPageTest() ⏪ ☒ ↙
</Message>
          <Message>📄 Table Page</Message>
          <Message> ∘ Verifying Expected Number of Rows: </Message>
          <Message>┌──────────────────────────────────────────────────────────────────────────────────┐ </Message>
          <Message>│  FirstName    LastName                Birthdate    Status                                     │ </Message>
          <Message>│  Arely        Jimenez                 08/05/1998   Onboarding                                 │ </Message>
          <Message>│  Brayden      Bone                    03/08/2006   Summer Vacation                            │ </Message>
          <Message>│  Brayden      Lewis                   07/13/2005   Onboarding                                 │ </Message>
          <Message>│  Cameron      Leonard                 05/12/2006   Onboarding                                 │ </Message>
          <Message>│  David        Reetz                   11/22/2003   Onboarding                                 │ </Message>
          <Message>│  ian          Leflore                 01/01/1901   Onboarding                                 │ </Message>
          <Message>│  Jonah        Robertson               10/21/1977   Onboarding                                 │ </Message>
          <Message>│  Karen        Quinones Granullo       05/14/2008   Achieved Goals: Exited, No Longer Eligible │ </Message>
          <Message>│  Keenan       Barnett                 05/21/2004   Onboarding                                 │ </Message>
          <Message>│  Paige        Sluder                  10/21/1977   Onboarding                                 │ </Message>
          <Message>│  Yazairad     Renteria-Ruiz           09/19/2007   Summer Vacation                            │ </Message>
          <Message>│  A            Nolen                   08/13/2015   Onboarding                                 │ </Message>
          <Message>│  A            Peacock                 01/07/2016   Onboarding                                 │ </Message>
          <Message>│  A            Pointer                 01/07/2016   Onboarding                                 │ </Message>
          <Message>│  A            Velasco                 01/01/1901   Onboarding                                 │ </Message>
          <Message>│  A and        duplicate               06/19/2004   Onboarding                                 │ </Message>
          <Message>│  A'Kira       Holmes                  07/01/2002   Onboarding                                 │ </Message>
          <Message>│  A'mari       Weathers                06/19/2015   Onboarding                                 │ </Message>
          <Message>│  A'niyah      Bradley                 11/07/2006   Onboarding                                 │ </Message>
          <Message>│  A'Shante     Doucet                  10/21/1977   Onboarding                                 │ </Message>
          <Message>│  Aa'nden      Moore-Ewart             09/13/2004   Unknown                                    │ </Message>
          <Message>│  Aadene       Casares                 02/01/2016   In Assessment                              │ </Message>
          <Message>│  Aaiden       Medrano                 12/01/2009   Summer Vacation                            │ </Message>
          <Message>│  Aakilah      Allen                   04/03/2000   Onboarding                                 │ </Message>
          <Message>│  Aaliyah      Allen                   03/01/2008   End of Year                                │ </Message>
          <Message>└──────────────────────────────────────────────────────────────────────────────────┘ </Message>
        </TextMessages>
      </Output>
    </UnitTestResult>
  </Results>
</TestRun>